       x
       x
       x
       x
       0
       2
      12
      30
     -20
  -65534
